
> arla-backend@1.0.0 test
> jest TEST/admin.test.ts

[0mPUT /api/admin/games/1 [32m200[0m 63.071 ms - 32[0m
[0mPUT /api/admin/games/1 [33m400[0m 6.927 ms - 123[0m
[0mPUT /api/admin/menu/1 [32m200[0m 2.217 ms - 32[0m
node.exe : PASS 
TEST/admin.test.ts (5.004 s)
En línea: 1 Carácter: 1
+ & 
"C:\nvm4w\nodejs/node.exe" "C:
\nvm4w\nodejs/node_modules/npm
/bin/np ...
+ ~~~~~~~~~~~~~~~~~~~~~~~~~~~~
~~~~~~~~~~~~~~~~~~~~~~~~~~~~~~
~~~~~~~~~~~
    + CategoryInfo          : 
    NotSpecified: (PASS TEST  
  /admin.test.ts (5.004 s):   
 String) [], RemoteExcepti    
on
    + FullyQualifiedErrorId : 
    NativeCommandError
 
  Admin CRUD Procedures
    ÔêÜ should successfully 
update a game (120 ms)
    ÔêÜ should fail if 
required fields are missing 
in game update (Validation) 
(16 ms)
    ÔêÜ should successfully 
update a menu item (10 ms)

Test Suites: 1 passed, 1 total
Tests:       3 passed, 3 total
Snapshots:   0 total
Time:        5.407 s
Ran all test suites matching 
/TEST\\admin.test.ts/i.
